<area shape="rect" href="$d4/d72/classeosim_1_1statics_1_1_histogram.html" title="Abstract Histogram." alt="" coords="5,187,176,213">
<area shape="rect" href="$d7/d5d/classeosim_1_1core_1_1_model.html" title="System Model." alt="" coords="200,187,333,213">
<area shape="rect" title="m" alt="" coords="249,209,257,217">
<area shape="rect" title="m" alt="" coords="219,273,227,281">
<area shape="rect" href="$d5/dc7/classeosim_1_1core_1_1_experiment.html" title="Experiment Manager." alt="" coords="355,277,520,304">
<area shape="rect" title="currModel" alt="" coords="259,209,267,217">
<area shape="rect" title="currModel" alt="" coords="353,273,361,281">
<area shape="rect" href="$d4/d9d/classeosim_1_1utils_1_1_b_event_map.html" title="Mapping of B Events." alt="" coords="124,96,289,123">
<area shape="rect" title="bEvs" alt="" coords="212,119,220,127">
<area shape="rect" title="bEvs" alt="" coords="253,183,261,191">
<area shape="rect" title="exp" alt="" coords="411,273,419,281">
<area shape="rect" title="exp" alt="" coords="291,209,299,217">
<area shape="rect" href="$dc/d61/classeosim_1_1core_1_1_b_calendar.html" title="B Events Calendar." alt="" coords="357,187,517,213">
<area shape="rect" title="bCal" alt="" coords="433,209,441,217">
<area shape="rect" title="bCal" alt="" coords="433,273,441,281">
<area shape="rect" href="$dc/d3a/classeosim_1_1utils_1_1_entity_queue_ordered.html" title="Ordered Queue of Entities." alt="" coords="313,96,532,123">
<area shape="rect" title="ents" alt="" coords="421,119,429,127">
<area shape="rect" title="ents" alt="" coords="431,183,439,191">
<area shape="rect" href="$d3/de7/classeosim_1_1utils_1_1_entity_queue.html" title="Interface for Queue of Entities." alt="" coords="240,5,411,32">
<area shape="rect" href="$d0/d96/classeosim_1_1core_1_1_entity_comp.html" title="Entities Abstract Comparator." alt="" coords="435,5,603,32">
<area shape="rect" title="comp" alt="" coords="500,28,508,36">
<area shape="rect" title="comp" alt="" coords="433,92,441,100">
<area shape="rect" href="$d4/dd5/classeosim_1_1core_1_1_c_calendar.html" title="C Events Calendar." alt="" coords="545,187,708,213">
<area shape="rect" title="cCal" alt="" coords="595,209,603,217">
<area shape="rect" title="cCal" alt="" coords="461,273,469,281">
<area shape="rect" href="$d7/d24/classeosim_1_1utils_1_1_c_event_vector.html" title="Vector of C Events." alt="" coords="556,96,735,123">
<area shape="rect" title="cEvs" alt="" coords="639,119,647,127">
<area shape="rect" title="cEvs" alt="" coords="625,183,633,191">
<area shape="rect" href="$d9/d3f/classeosim_1_1dist_1_1_dist_manager.html" title="Distribution Manager." alt="" coords="775,187,943,213">
<area shape="rect" title="distMan" alt="" coords="792,209,800,217">
<area shape="rect" title="distMan" alt="" coords="495,273,503,281">
<area shape="rect" href="$dd/df5/classeosim_1_1dist_1_1_number_generator.html" title="Random Number Generator Interface." alt="" coords="759,96,959,123">
<area shape="rect" title="seedGenerator" alt="" coords="855,119,863,127">
<area shape="rect" title="seedGenerator" alt="" coords="855,183,863,191">
<area shape="rect" href="$d6/d62/classeosim_1_1utils_1_1_dist_vector.html" title="Vector of Distributions." alt="" coords="983,96,1140,123">
<area shape="rect" title="dVect" alt="" coords="1032,119,1040,127">
<area shape="rect" title="dVect" alt="" coords="891,183,899,191">
