<area shape="rect" href="$d7/df0/classeosim_1_1core_1_1_c_event.html" title="C Events." alt="" coords="763,277,904,304">
<area shape="rect" href="$d7/d5d/classeosim_1_1core_1_1_model.html" title="System Model." alt="" coords="743,187,876,213">
<area shape="rect" title="owner" alt="" coords="809,209,817,217">
<area shape="rect" title="owner" alt="" coords="825,273,833,281">
<area shape="rect" href="$d5/dc7/classeosim_1_1core_1_1_experiment.html" title="Experiment Manager." alt="" coords="528,277,693,304">
<area shape="rect" title="currModel" alt="" coords="747,209,755,217">
<area shape="rect" title="currModel" alt="" coords="624,273,632,281">
<area shape="rect" href="$d4/d9d/classeosim_1_1utils_1_1_b_event_map.html" title="Mapping of B Events." alt="" coords="928,96,1093,123">
<area shape="rect" title="bEvs" alt="" coords="977,119,985,127">
<area shape="rect" title="bEvs" alt="" coords="835,183,843,191">
<area shape="rect" title="exp" alt="" coords="685,273,693,281">
<area shape="rect" title="exp" alt="" coords="795,209,803,217">
<area shape="rect" href="$dc/d61/classeosim_1_1core_1_1_b_calendar.html" title="B Events Calendar." alt="" coords="125,187,285,213">
<area shape="rect" title="bCal" alt="" coords="261,209,269,217">
<area shape="rect" title="bCal" alt="" coords="547,273,555,281">
<area shape="rect" href="$dc/d3a/classeosim_1_1utils_1_1_entity_queue_ordered.html" title="Ordered Queue of Entities." alt="" coords="77,96,296,123">
<area shape="rect" title="ents" alt="" coords="185,119,193,127">
<area shape="rect" title="ents" alt="" coords="199,183,207,191">
<area shape="rect" href="$d3/de7/classeosim_1_1utils_1_1_entity_queue.html" title="Interface for Queue of Entities." alt="" coords="5,5,176,32">
<area shape="rect" href="$d0/d96/classeosim_1_1core_1_1_entity_comp.html" title="Entities Abstract Comparator." alt="" coords="200,5,368,32">
<area shape="rect" title="comp" alt="" coords="265,28,273,36">
<area shape="rect" title="comp" alt="" coords="197,92,205,100">
<area shape="rect" href="$d4/dd5/classeosim_1_1core_1_1_c_calendar.html" title="C Events Calendar." alt="" coords="340,187,503,213">
<area shape="rect" title="cCal" alt="" coords="445,209,453,217">
<area shape="rect" title="cCal" alt="" coords="579,273,587,281">
<area shape="rect" href="$d7/d24/classeosim_1_1utils_1_1_c_event_vector.html" title="Vector of C Events." alt="" coords="320,96,499,123">
<area shape="rect" title="cEvs" alt="" coords="407,119,415,127">
<area shape="rect" title="cEvs" alt="" coords="416,183,424,191">
<area shape="rect" href="$d9/d3f/classeosim_1_1dist_1_1_dist_manager.html" title="Distribution Manager." alt="" coords="539,187,707,213">
<area shape="rect" title="distMan" alt="" coords="615,209,623,217">
<area shape="rect" title="distMan" alt="" coords="607,273,615,281">
<area shape="rect" href="$dd/df5/classeosim_1_1dist_1_1_number_generator.html" title="Random Number Generator Interface." alt="" coords="523,96,723,123">
<area shape="rect" title="seedGenerator" alt="" coords="619,119,627,127">
<area shape="rect" title="seedGenerator" alt="" coords="619,183,627,191">
<area shape="rect" href="$d6/d62/classeosim_1_1utils_1_1_dist_vector.html" title="Vector of Distributions." alt="" coords="747,96,904,123">
<area shape="rect" title="dVect" alt="" coords="796,119,804,127">
<area shape="rect" title="dVect" alt="" coords="655,183,663,191">
<area shape="rect" href="$db/d42/classeosim_1_1graphic_1_1_display.html" title="Display window." alt="" coords="928,277,1088,304">
<area shape="rect" title="d" alt="" coords="997,300,1005,308">
<area shape="rect" title="d" alt="" coords="967,364,975,372">
